[Bootstrap]
SetupTitle=Install
SetupText=Wait while copying files.
CabFile=MSXHELL.CAB
Spawn=Setup1.exe
Uninstal=st6unst.exe
TmpDir=msftqws.pdw
Cabs=1

[Bootstrap Files]
File1=@VB6STKIT.DLL,$(WinSysPathSysFile),,,7/15/00 12:00:00 AM,101888,6.0.84.50
File2=@COMCAT.DLL,$(WinSysPathSysFile),$(DLLSelfRegister),,6/1/98 12:00:00 AM,22288,4.71.1460.1
File3=@VB6ES.DLL,$(WinSysPath),,$(Shared),10/2/00 12:00:00 AM,119568,6.0.89.88
File4=@STDOLE2.TLB,$(WinSysPathSysFile),$(TLBRegister),,6/3/99 12:00:00 AM,17920,2.40.4275.1
File5=@ASYCFILT.DLL,$(WinSysPathSysFile),,,3/8/99 12:00:00 AM,147728,2.40.4275.1
File6=@OLEPRO32.DLL,$(WinSysPathSysFile),$(DLLSelfRegister),,3/8/99 12:00:00 AM,164112,5.0.4275.1
File7=@OLEAUT32.DLL,$(WinSysPathSysFile),$(DLLSelfRegister),,4/12/00 12:00:00 AM,598288,2.40.4275.1
File8=@msvbvm60.dll,$(WinSysPathSysFile),$(DLLSelfRegister),,8/21/00 12:00:00 AM,1388544,6.0.89.64

[IconGroups]
Group0=MSX HellCheater v0.1
PrivateGroup0=-1
Parent0=$(Programs)

[MSX HellCheater v0.1]
Icon1="MSXHELL.EXE"
Title1=MSX HellCheater v0.1
StartIn1=$(AppPath)

[Setup]
Title=MSX HellCheater v0.1
DefaultDir=$(ProgramFiles)\MSXCHEAT
AppExe=MSXHELL.EXE
AppToUninstall=MSXHELL.EXE

[Setup1 Files]
File1=@ROMCHEAT.SCR,$(AppPath),,,7/18/01 2:21:36 AM,15791,0.0.0.0
File2=@notavail.gif,$(AppPath),,,7/4/01 4:24:20 PM,2271,0.0.0.0
File3=@index.dat,$(AppPath),,,3/30/01 11:39:34 AM,26500,0.0.0.0
File4=@DISK.GIF,$(AppPath),,,7/2/01 4:45:20 PM,589,0.0.0.0
File5=@cart.gif,$(AppPath),,,7/2/01 5:14:10 PM,470,0.0.0.0
File6=@VB5DB.dll,$(WinSysPath),,$(Shared),6/18/98 12:00:00 AM,89360,6.0.81.69
File7=@msjtes40.dll,$(WinSysPathSysFile),$(DLLSelfRegister),,5/26/01 1:10:58 PM,237840,4.0.2927.8
File8=@msrepl40.dll,$(WinSysPathSysFile),,,5/26/01 1:10:58 PM,553232,4.0.2927.2
File9=@msrd3x40.dll,$(WinSysPathSysFile),$(DLLSelfRegister),,5/26/01 1:10:58 PM,315664,4.0.2927.4
File10=@msrd2x40.dll,$(WinSysPathSysFile),$(DLLSelfRegister),,5/26/01 1:10:58 PM,422160,4.0.2927.2
File11=@mswdat10.dll,$(WinSysPathSysFile),,,5/26/01 1:10:58 PM,831760,4.0.2927.10
File12=@mswstr10.dll,$(WinSysPathSysFile),,,5/26/01 1:10:58 PM,614672,4.0.2927.10
File13=@expsrv.dll,$(WinSysPathSysFile),,,5/26/01 1:11:02 PM,379152,6.0.0.8540
File14=@vbajet32.dll,$(WinSysPathSysFile),,,1/22/99 1:00:00 AM,30992,6.0.1.8268
File15=@msjint40.dll,$(WinSysPathSysFile),,,5/26/01 1:10:58 PM,180496,4.0.2927.2
File16=@msjter40.dll,$(WinSysPathSysFile),,,5/26/01 1:10:58 PM,53520,4.0.2927.2
File17=@msjet40.dll,$(WinSysPathSysFile),$(DLLSelfRegister),,5/26/01 1:11:00 PM,1495312,4.0.2927.4
File18=@DAO360.DLL,$(MSDAOPath),$(DLLSelfRegister),$(Shared),6/13/00 12:00:00 AM,557328,3.60.2521.8
File19=@MSCMCES.DLL,$(WinSysPath),,$(Shared),7/28/98 12:00:00 AM,140800,6.0.81.63
File20=@MSCOMCTL.OCX,$(WinSysPath),$(DLLSelfRegister),$(Shared),5/22/00 12:00:00 AM,1066176,6.0.88.62
File21=@scrrnes.dll,$(WinSysPath),,$(Shared),3/15/01 11:48:34 PM,24576,5.1.0.4615
File22=@MSVCRT.DLL,$(WinSysPathSysFile),,,2/2/99 12:00:00 AM,266293,6.0.8397.0
File23=@scrrun.dll,$(WinSysPath),$(DLLSelfRegister),$(Shared),3/15/01 11:48:34 PM,147512,5.1.0.4615
File24=@MSXHELL.EXE,$(AppPath),,,7/21/01 11:13:12 AM,69632,0.1.0.0

; Puede eliminar las siguientes líneas para obtener espacio adicional 
; con el fin de personalizar este archivo en un disco de instalación completa.
; 
; XXXXXXXXXXXXXXXXXXXXXXXXXXXXXXXXXXXXXXXXXXXXXXXXXXXXXXXXXXXX
; XXXXXXXXXXXXXXXXXXXXXXXXXXXXXXXXXXXXXXXXXXXXXXXXXXXXXXXXXXXX
; XXXXXXXXXXXXXXXXXXXXXXXXXXXXXXXXXXXXXXXXXXXXXXXXXXXXXXXXXXXX
; XXXXXXXXXXXXXXXXXXXXXXXXXXXXXXXXXXXXXXXXXXXXXXXXXXXXXXXXXXXX
; XXXXXXXXXXXXXXXXXXXXXXXXXXXXXXXXXXXXXXXXXXXXXXXXXXXXXXXXXXXX
; XXXXXXXXXXXXXXXXXXXXXXXXXXXXXXXXXXXXXXXXXXXXXXXXXXXXXXXXXXXX
; XXXXXXXXXXXXXXXXXXXXXXXXXXXXXXXXXXXXXXXXXXXXXXXXXXXXXXXXXXXX
; XXXXXXXXXXXXXXXXXXXXXXXXXXXXXXXXXXXXXXXXXXXXXXXXXXXXXXXXXXXX
; XXXXXXXXXXXXXXXXXXXXXXXXXXXXXXXXXXXXXXXXXXXXXXXXXXXXXXXXXXXX
; XXXXXXXXXXXXXXXXXXXXXXXXXXXXXXXXXXXXXXXXXXXXXXXXXXXXXXXXXXXX
; XXXXXXXXXXXXXXXXXXXXXXXXXXXXXXXXXXXXXXXXXXXXXXXXXXXXXXXXXXXX
; XXXXXXXXXXXXXXXXXXXXXXXXXXXXXXXXXXXXXXXXXXXXXXXXXXXXXXXXXXXX
; XXXXXXXXXXXXXXXXXXXXXXXXXXXXXXXXXXXXXXXXXXXXXXXXXXXXXXXXXXXX
; XXXXXXXXXXXXXXXXXXXXXXXXXXXXXXXXXXXXXXXXXXXXXXXXXXXXXXXXXXXX
; XXXXXXXXXXXXXXXXXXXXXXXXXXXXXXXXXXXXXXXXXXXXXXXXXXXXXXXXXXXX
; XXXXXXXXXXXXXXXXXXXXXXXXXXXXXXXXXXXXXXXXXXXXXXXXXXXXXXXXXXXX
; XXXXXXXXXXXXXXXXXXXXXXXXXXXXXXXXXXXXXXXXXXXXXXXXXXXXXXXXXXXX
; XXXXXXXXXXXXXXXXXXXXXXXXXXXXXXXXXXXXXXXXXXXXXXXXXXXXXXXXXXXX
; XXXXXXXXXXXXXXXXXXXXXXXXXXXXXXXXXXXXXXXXXXXXXXXXXXXXXXXXXXXX
; XXXXXXXXXXXXXXXXXXXXXXXXXXXXXXXXXXXXXXXXXXXXXXXXXXXXXXXXXXXX
; XXXXXXXXXXXXXXXXXXXXXXXXXXXXXXXXXXXXXXXXXXXXXXXXXXXXXXXXXXXX
; XXXXXXXXXXXXXXXXXXXXXXXXXXXXXXXXXXXXXXXXXXXXXXXXXXXXXXXXXXXX
; XXXXXXXXXXXXXXXXXXXXXXXXXXXXXXXXXXXXXXXXXXXXXXXXXXXXXXXXXXXX
; XXXXXXXXXXXXXXXXXXXXXXXXXXXXXXXXXXXXXXXXXXXXXXXXXXXXXXXXXXXX
; XXXXXXXXXXXXXXXXXXXXXXXXXXXXXXXXXXXXXXXXXXXXXXXXXXXXXXXXXXXX
; XXXXXXXXXXXXXXXXXXXXXXXXXXXXXXXXXXXXXXXXXXXXXXXXXXXXXXXXXXXX
; XXXXXXXXXXXXXXXXXXXXXXXXXXXXXXXXXXXXXXXXXXXXXXXXXXXXXXXXXXXX
; XXXXXXXXXXXXXXXXXXXXXXXXXXXXXXXXXXXXXXXXXXXXXXXXXXXXXXXXXXXX
; XXXXXXXXXXXXXXXXXXXXXXXXXXXXXXXXXXXXXXXXXXXXXXXXXXXXXXXXXXXX
; XXXXXXXXXXXXXXXXXXXXXXXXXXXXXXXXXXXXXXXXXXXXXXXXXXXXXXXXXXXX
; XXXXXXXXXXXXXXXXXXXXXXXXXXXXXXXXXXXXXXXXXXXXXXXXXXXXXXXXXXXX
; XXXXXXXXXXXXXXXXXXXXXXXXXXXXXXXXXXXXXXXXXXXXXXXXXXXXXXXXXXXX
; XXXXXXXXXXXXXXXXXXXXXXXXXXXXXXXXXXXXXXXXXXXXXXXXXXXXXXXXXXXX
; XXXXXXXXXXXXXXXXXXXXXXXXXXXXXXXXXXXXXXXXXXXXXXXXXXXXXXXXXXXX
; XXXXXXXXXXXXXXXXXXXXXXXXXXXXXXXXXXXXXXXXXXXXXXXXXXXXXXXXXXXX
